// Jest Snapshot v1, https://goo.gl/fbAQLP

exports[`ModalDialg tests should render a header when passed in as prop 1`] = `
<_default
  title="This is a test"
>
  <h1>
    Hello World
  </h1>
</_default>
`;

exports[`ModalDialg tests should render successfully using the passed in child component 1`] = `
<_default>
  <div
    className="modal undefined "
  >
    <div
      className="modal-background"
    />
    <div
      className="modal-card"
    >
      <button
        aria-label="close"
        className="modal-close is-large"
        onClick={[Function]}
      >
        Ã—
      </button>
      <div
        className="modal-card-body"
      >
        <h1>
          Hello World
        </h1>
      </div>
    </div>
  </div>
</_default>
`;
